// Jest Snapshot v1, https://goo.gl/fbAQLP

exports[`expect to render Card component 1`] = `
<Fragment>
  <article
    className="dib mw5 bg-light-green br3 pa3 pa4-ns mv3 ba b--black-10 ma2 bw1 shadow-5 grow"
  >
    <div
      className="tc"
    >
      <img
        alt="card-img"
        className="br-100 h4 w4 dib ba b--black-05 pa2 bg-white"
        src="https://robohash.org/undefined?size=200x200"
        title="Photo of a kitty staring at you"
      />
      <h1
        className="f3 mb2"
      />
      <h2
        className="f5 fw4 mt0"
      />
    </div>
  </article>
</Fragment>
`;
