// Jest Snapshot v1, https://goo.gl/fbAQLP

exports[`expect to render CardList component 1`] = `
<Fragment>
  <div>
    <Card
      email="Sincere@april.biz"
      id={1}
      key="1"
      link="https://www.google.com"
      name="Leanne Graham"
    />
    <Card
      email="Shanna@melissa.tv"
      id={2}
      key="2"
      link="https://www.google.com"
      name="Ervin Howell"
    />
    <Card
      email="Nathan@yesenia.net"
      id={3}
      key="3"
      link="https://www.google.com"
      name="Clementine Bauch"
    />
  </div>
</Fragment>
`;
